// 重构日志: f5f605cc
// 重构日志: 197a2bb1
// 重构日志: 264f19c4
// 重构日志: d048cf63
// 同步 ID: 7ab97ffb @ Thu Jul 23 10:26:19 UTC 2026
// 重构日志: c5e38a7e
// 重构日志: 512f5531
// 重构日志: b25189ff
// 同步 ID: 9efd8b8a @ Sat Jul 25 16:39:31 UTC 2026
// 重构日志: 5bd77b1c
// 重构日志: 33ad315e
// 重构日志: a1cecbad
// 重构日志: ef80613a
// 同步 ID: 022bb5c9 @ Sat Aug  1 12:05:23 UTC 2026
// 重构日志: f94ac0e6
// 重构日志: d231094d
// 同步 ID: 0b5ab720 @ Fri Aug  7 00:36:37 UTC 2026
// 重构日志: 8b9f5a9e
// 同步 ID: 6a74ad5b @ Fri Aug  7 15:44:27 UTC 2026
// 重构日志: f7f4b001
// 重构日志: d9bc6477
// 重构日志: f38e6876
// 重构日志: 3f1d01e0
// 同步 ID: 9b580bc8 @ Sat Aug  8 15:57:31 UTC 2026
// 同步 ID: 6dde875c @ Sat Aug  8 17:53:07 UTC 2026
